TabTable
col1	col2	col3
----	----	----
1	1.0	aa
2	2.0	bbbb
3	3.0	c c c
4	4.0	
1	1.0	aa
2	2.0	bbbb
3	3.0	c c c
4	4.0	
